// Jest Snapshot v1, https://goo.gl/fbAQLP

exports[`renders correctly 1`] = `
<View
  style={
    Object {
      "alignItems": "center",
      "backgroundColor": "#F5FCFF",
      "flex": 1,
      "justifyContent": "center",
    }
  }
>
  <Text
    style={
      Object {
        "fontSize": 20,
        "margin": 10,
        "textAlign": "center",
      }
    }
  >
    Список избранного пуст
  </Text>
  <View
    style={
      Array [
        Object {
          "marginLeft": 15,
          "marginRight": 15,
        },
        undefined,
        undefined,
        undefined,
      ]
    }
  >
    <View
      accessible={true}
      isTVSelectable={true}
      onResponderGrant={[Function]}
      onResponderMove={[Function]}
      onResponderRelease={[Function]}
      onResponderTerminate={[Function]}
      onResponderTerminationRequest={[Function]}
      onStartShouldSetResponder={[Function]}
      style={null}
    >
      <View
        pointerEvents="box-only"
        style={
          Array [
            Object {
              "alignItems": "center",
              "backgroundColor": "#9E9E9E",
              "flexDirection": "row",
              "justifyContent": "center",
              "padding": 19,
            },
            undefined,
            undefined,
            undefined,
            undefined,
            undefined,
            undefined,
            undefined,
            Object {
              "padding": 12,
            },
            undefined,
            undefined,
            undefined,
            Array [
              Object {
                "backgroundColor": "rgba(92, 99,216, 1)",
                "borderColor": "transparent",
                "borderRadius": 5,
                "borderWidth": 0,
              },
              Object {
                "height": 45,
                "width": 300,
              },
            ],
            undefined,
            undefined,
          ]
        }
      >
        <Text
          style={
            Array [
              Object {},
              undefined,
              undefined,
              undefined,
              undefined,
              undefined,
              undefined,
              undefined,
              undefined,
              undefined,
              Array [
                Object {
                  "color": "white",
                  "fontSize": 20,
                },
                undefined,
                Object {
                  "fontSize": 17.5,
                },
                undefined,
                undefined,
                undefined,
                undefined,
                undefined,
              ],
            ]
          }
        >
          Перейти к постам
        </Text>
      </View>
    </View>
  </View>
</View>
`;

exports[`renders correctly with empty feed but exists authors 1`] = `
<View
  style={
    Object {
      "alignItems": "center",
      "backgroundColor": "#F5FCFF",
      "flex": 1,
      "justifyContent": "center",
    }
  }
>
  <Text
    style={
      Object {
        "fontSize": 20,
        "margin": 10,
        "textAlign": "center",
      }
    }
  >
    Список избранного пуст
  </Text>
  <View
    style={
      Array [
        Object {
          "marginLeft": 15,
          "marginRight": 15,
        },
        undefined,
        undefined,
        undefined,
      ]
    }
  >
    <View
      accessible={true}
      isTVSelectable={true}
      onResponderGrant={[Function]}
      onResponderMove={[Function]}
      onResponderRelease={[Function]}
      onResponderTerminate={[Function]}
      onResponderTerminationRequest={[Function]}
      onStartShouldSetResponder={[Function]}
      style={null}
    >
      <View
        pointerEvents="box-only"
        style={
          Array [
            Object {
              "alignItems": "center",
              "backgroundColor": "#9E9E9E",
              "flexDirection": "row",
              "justifyContent": "center",
              "padding": 19,
            },
            undefined,
            undefined,
            undefined,
            undefined,
            undefined,
            undefined,
            undefined,
            Object {
              "padding": 12,
            },
            undefined,
            undefined,
            undefined,
            Array [
              Object {
                "backgroundColor": "rgba(92, 99,216, 1)",
                "borderColor": "transparent",
                "borderRadius": 5,
                "borderWidth": 0,
              },
              Object {
                "height": 45,
                "width": 300,
              },
            ],
            undefined,
            undefined,
          ]
        }
      >
        <Text
          style={
            Array [
              Object {},
              undefined,
              undefined,
              undefined,
              undefined,
              undefined,
              undefined,
              undefined,
              undefined,
              undefined,
              Array [
                Object {
                  "color": "white",
                  "fontSize": 20,
                },
                undefined,
                Object {
                  "fontSize": 17.5,
                },
                undefined,
                undefined,
                undefined,
                undefined,
                undefined,
              ],
            ]
          }
        >
          Перейти к постам
        </Text>
      </View>
    </View>
  </View>
</View>
`;

exports[`renders correctly with non empty feed and authors 1`] = `
<View
  style={
    Object {
      "alignItems": "center",
      "backgroundColor": "#F5FCFF",
      "flex": 1,
      "justifyContent": "center",
    }
  }
>
  <Text
    style={
      Object {
        "fontSize": 20,
        "margin": 10,
        "textAlign": "center",
      }
    }
  >
    Список избранного пуст
  </Text>
  <View
    style={
      Array [
        Object {
          "marginLeft": 15,
          "marginRight": 15,
        },
        undefined,
        undefined,
        undefined,
      ]
    }
  >
    <View
      accessible={true}
      isTVSelectable={true}
      onResponderGrant={[Function]}
      onResponderMove={[Function]}
      onResponderRelease={[Function]}
      onResponderTerminate={[Function]}
      onResponderTerminationRequest={[Function]}
      onStartShouldSetResponder={[Function]}
      style={null}
    >
      <View
        pointerEvents="box-only"
        style={
          Array [
            Object {
              "alignItems": "center",
              "backgroundColor": "#9E9E9E",
              "flexDirection": "row",
              "justifyContent": "center",
              "padding": 19,
            },
            undefined,
            undefined,
            undefined,
            undefined,
            undefined,
            undefined,
            undefined,
            Object {
              "padding": 12,
            },
            undefined,
            undefined,
            undefined,
            Array [
              Object {
                "backgroundColor": "rgba(92, 99,216, 1)",
                "borderColor": "transparent",
                "borderRadius": 5,
                "borderWidth": 0,
              },
              Object {
                "height": 45,
                "width": 300,
              },
            ],
            undefined,
            undefined,
          ]
        }
      >
        <Text
          style={
            Array [
              Object {},
              undefined,
              undefined,
              undefined,
              undefined,
              undefined,
              undefined,
              undefined,
              undefined,
              undefined,
              Array [
                Object {
                  "color": "white",
                  "fontSize": 20,
                },
                undefined,
                Object {
                  "fontSize": 17.5,
                },
                undefined,
                undefined,
                undefined,
                undefined,
                undefined,
              ],
            ]
          }
        >
          Перейти к постам
        </Text>
      </View>
    </View>
  </View>
</View>
`;
